11:30:44  interleave harness  quality=low  results=/Users/mounikadadi/Downloads/characterquilt-work-trial/results/interleave-20260811-113043
11:30:44  emplifi kit=bk-emplifi-2026   kahua kit=bk-kahua-2026
11:30:44  step 1  emplifi opens a new task
11:30:54          request=f6e9bac0-2b40-47d2-bc70-9d0c9a462ea6 revision=3338dfdd-4e13-4ecf-b289-cd7d59a17de1
11:30:54  step 2  kahua opens a new task
11:31:03          request=08bbd4cf-8e72-4592-8e4e-200abd027245 revision=aec144f5-0f25-44e4-b783-818a7c5dfd6b
11:31:03  launching both concurrently — two tenants, two boxes, at the same time
11:31:03          pids 17520 17521
11:31:07          both finished (exits: 1, 1)
11:31:07  step 3  kahua edits theirs
11:31:07  step 4  emplifi edits theirs
11:31:07  launching both edits concurrently
11:31:07          pids 17830 17831
11:31:10          both finished (exits: 1, 1)
11:31:10  step 5  emplifi opens a second task
11:31:20          request=8b16cda3-0acd-4385-bc6a-9649c7367b05 revision=5773ef03-2507-41c9-9c99-d6dc4e7a431e
11:31:24          finished (exit: 1)
11:31:24  collecting outputs
  bk-emplifi-2026      rev1 running    0 render(s)  Interleave A emplifi
  bk-emplifi-2026      rev2 draft      0 render(s)  Interleave A emplifi
  bk-emplifi-2026      rev3 draft      0 render(s)  Interleave A emplifi
  bk-kahua-2026        rev1 running    0 render(s)  Interleave B kahua
  bk-kahua-2026        rev2 draft      0 render(s)  Interleave B kahua
  bk-kahua-2026        rev3 draft      0 render(s)  Interleave B kahua
  bk-emplifi-2026      rev1 running    0 render(s)  Interleave C emplifi second
  bk-emplifi-2026      rev2 draft      0 render(s)  Interleave C emplifi second
11:31:27  done — /Users/mounikadadi/Downloads/characterquilt-work-trial/results/interleave-20260811-113043
